// Jest Snapshot v1, https://goo.gl/fbAQLP

exports[`should render Header correctly 1`] = `
<header>
  <h1>
    Expensify
  </h1>
  <NavLink
    activeClassName="is-active"
    exact={true}
    to="/"
  >
    Go to Home Page
  </NavLink>
  <NavLink
    activeClassName="is-active"
    to="/create"
  >
    Go to Create Expense page
  </NavLink>
  <NavLink
    activeClassName="is-active"
    to="/help"
  >
    Go to Help Page
  </NavLink>
  <button
    onClick={[Function]}
  >
    Logout
  </button>
</header>
`;
